
--- Standard YOLOv5s ---
YOLOv5su summary: 154 layers, 9,153,152 parameters, 9,153,136 gradients, 24.2 GFLOPs

--- Custom YOLOv5s (GhostNet + CA + BiFPN) ---
WARNING no model scale passed. Assuming scale='n'.

Model instantiated successfully!
YOLOv5-ghost-ca-bifpn summary: 326 layers, 2,154,396 parameters, 2,154,380 gradients, 6.6 GFLOPs
